// Jest Snapshot v1, https://goo.gl/fbAQLP

exports[`ArticleUpdateComponent matches snapshot 1`] = `
<div>
  loading...
</div>
`;
